#
# There is insufficient memory for the Java Runtime Environment to continue.
# Native memory allocation (malloc) failed to allocate 850336 bytes. Error detail: Chunk::new
# Possible reasons:
#   The system is out of physical RAM or swap space
#   This process is running with CompressedOops enabled, and the Java Heap may be blocking the growth of the native heap
# Possible solutions:
#   Reduce memory load on the system
#   Increase physical memory or swap space
#   Check if swap backing store is full
#   Decrease Java heap size (-Xmx/-Xms)
#   Decrease number of Java threads
#   Decrease Java thread stack sizes (-Xss)
#   Set larger code cache with -XX:ReservedCodeCacheSize=
#   JVM is running with Unscaled Compressed Oops mode in which the Java heap is
#     placed in the first 4GB address space. The Java Heap base address is the
#     maximum limit for the native heap growth. Please use -XX:HeapBaseMinAddress
#     to set the Java Heap base and to place the Java Heap above 4GB virtual address.
# This output file may be truncated or incomplete.
#
#  Out of Memory Error (arena.cpp:168), pid=20100, tid=16572
#
# JRE version: OpenJDK Runtime Environment Temurin-21.0.10+7 (21.0.10+7) (build 21.0.10+7-LTS)
# Java VM: OpenJDK 64-Bit Server VM Temurin-21.0.10+7 (21.0.10+7-LTS, mixed mode, sharing, tiered, compressed oops, compressed class ptrs, parallel gc, windows-amd64)
# No core dump will be written. Minidumps are not enabled by default on client versions of Windows
#

---------------  S U M M A R Y ------------

Command Line: --add-modules=ALL-SYSTEM --add-opens=java.base/java.util=ALL-UNNAMED --add-opens=java.base/java.lang=ALL-UNNAMED --add-opens=java.base/sun.nio.fs=ALL-UNNAMED -Declipse.application=org.eclipse.jdt.ls.core.id1 -Dosgi.bundles.defaultStartLevel=4 -Declipse.product=org.eclipse.jdt.ls.core.product -Djava.import.generatesMetadataFilesAtProjectRoot=false -DDetectVMInstallationsJob.disabled=true -Dfile.encoding=utf8 -XX:+UseParallelGC -XX:GCTimeRatio=4 -XX:AdaptiveSizePolicyWeight=90 -Dsun.zip.disableMemoryMapping=true -Xmx2G -Xms100m -Xlog:disable -javaagent:c:\Users\MSI\.vscode\extensions\redhat.java-1.53.0-win32-x64\lombok\lombok-1.18.39-4050.jar c:\Users\MSI\.vscode\extensions\redhat.java-1.53.0-win32-x64\server\plugins\org.eclipse.equinox.launcher_1.7.100.v20251111-0406.jar -configuration c:\Users\MSI\AppData\Roaming\Code\User\globalStorage\redhat.java\1.53.0\config_ss_win -data c:\Users\MSI\AppData\Roaming\Code\User\workspaceStorage\6b58b34061581465439e249ad5f6f8d4\redhat.java\ss_ws --pipe=\\.\pipe\lsp-ed509eea14126e7b65d022c436d97fd3-sock

Host: 13th Gen Intel(R) Core(TM) i7-13620H, 16 cores, 15G,  Windows 11 , 64 bit Build 26100 (10.0.26100.8246)
Time: Fri Apr 17 11:33:16 2026 Sri Lanka Standard Time elapsed time: 1468.767274 seconds (0d 0h 24m 28s)

---------------  T H R E A D  ---------------

Current thread (0x000002155c174640):  JavaThread "C2 CompilerThread2" daemon [_thread_in_native, id=16572, stack(0x0000003f17a00000,0x0000003f17b00000) (1024K)]


Current CompileTask:
C2:1468767 6691       4       org.eclipse.jdt.internal.compiler.lookup.BinaryTypeBinding::createMethod (1666 bytes)

Stack: [0x0000003f17a00000,0x0000003f17b00000]
Native frames: (J=compiled Java code, j=interpreted, Vv=VM code, C=native code)
V  [jvm.dll+0x6d7a39]
V  [jvm.dll+0x8b4b26]
V  [jvm.dll+0x8b70de]
V  [jvm.dll+0x8b77c3]
V  [jvm.dll+0x284346]
V  [jvm.dll+0xc66ed]
V  [jvm.dll+0xc6c31]
V  [jvm.dll+0x2fb29e]
V  [jvm.dll+0x5fe884]
V  [jvm.dll+0x255b17]
V  [jvm.dll+0x255edd]
V  [jvm.dll+0x24e500]
V  [jvm.dll+0x24ba42]
V  [jvm.dll+0x1cb34e]
V  [jvm.dll+0x25b85d]
V  [jvm.dll+0x259dea]
V  [jvm.dll+0x3f857e]
V  [jvm.dll+0x85f59d]
V  [jvm.dll+0x6d626d]
C  [ucrtbase.dll+0x37b0]
C  [KERNEL32.DLL+0x2e8d7]
C  [ntdll.dll+0x8c3fc]


---------------  P R O C E S S  ---------------

Threads class SMR info:
_java_thread_list=0x0000021564ff0b90, length=50, elements={
0x0000021577c51bd0, 0x0000021577cf6800, 0x000002157d61ccd0, 0x0000021577cf9e00,
0x0000021577cfc870, 0x0000021577cfd2d0, 0x0000021577cff320, 0x000002157eaec2e0,
0x000002157eb0cd90, 0x000002157ed579e0, 0x000002157ed9b3c0, 0x00000215590b7170,
0x000002157ec9cc60, 0x00000215544fc730, 0x00000215591be890, 0x0000021554c026d0,
0x000002157ebd8d10, 0x00000215549b7b00, 0x00000215549b6de0, 0x00000215549b8190,
0x00000215549b8820, 0x00000215549b9bd0, 0x00000215549b6750, 0x00000215549b8eb0,
0x00000215549b9540, 0x000002155a653d60, 0x000002155a651c90, 0x000002155a651600,
0x000002155a652320, 0x000002155a6529b0, 0x000002155a653040, 0x000002155a6536d0,
0x000002155a6543f0, 0x000002155a650f70, 0x000002155a655110, 0x000002155a6557a0,
0x000002155a655e30, 0x000002155a657870, 0x000002155a657f00, 0x0000021554740dd0,
0x0000021559375150, 0x000002155a656b50, 0x000002155a6571e0, 0x0000021559208600,
0x000002155a658590, 0x000002155a6564c0, 0x000002155c176180, 0x000002155c174640,
0x000002155c174d10, 0x000002155c1753e0
}

Java Threads: ( => current thread )
  0x0000021577c51bd0 JavaThread "main"                              [_thread_blocked, id=24640, stack(0x0000003f15700000,0x0000003f15800000) (1024K)]
  0x0000021577cf6800 JavaThread "Reference Handler"          daemon [_thread_blocked, id=25040, stack(0x0000003f15b00000,0x0000003f15c00000) (1024K)]
  0x000002157d61ccd0 JavaThread "Finalizer"                  daemon [_thread_blocked, id=9060, stack(0x0000003f15c00000,0x0000003f15d00000) (1024K)]
  0x0000021577cf9e00 JavaThread "Signal Dispatcher"          daemon [_thread_blocked, id=14352, stack(0x0000003f15d00000,0x0000003f15e00000) (1024K)]
  0x0000021577cfc870 JavaThread "Attach Listener"            daemon [_thread_blocked, id=8704, stack(0x0000003f15e00000,0x0000003f15f00000) (1024K)]
  0x0000021577cfd2d0 JavaThread "Service Thread"             daemon [_thread_blocked, id=10304, stack(0x0000003f15f00000,0x0000003f16000000) (1024K)]
  0x0000021577cff320 JavaThread "Monitor Deflation Thread"   daemon [_thread_blocked, id=24032, stack(0x0000003f16000000,0x0000003f16100000) (1024K)]
  0x000002157eaec2e0 JavaThread "C2 CompilerThread0"         daemon [_thread_in_native, id=22660, stack(0x0000003f16100000,0x0000003f16200000) (1024K)]
  0x000002157eb0cd90 JavaThread "C1 CompilerThread0"         daemon [_thread_blocked, id=21628, stack(0x0000003f16200000,0x0000003f16300000) (1024K)]
  0x000002157ed579e0 JavaThread "Common-Cleaner"             daemon [_thread_blocked, id=15352, stack(0x0000003f16800000,0x0000003f16900000) (1024K)]
  0x000002157ed9b3c0 JavaThread "Notification Thread"        daemon [_thread_blocked, id=18596, stack(0x0000003f16600000,0x0000003f16700000) (1024K)]
  0x00000215590b7170 JavaThread "Active Thread: Equinox Container: 55cc05e8-6bfc-4d8f-83d3-6a168dca2ad3"        [_thread_blocked, id=16152, stack(0x0000003f17100000,0x0000003f17200000) (1024K)]
  0x000002157ec9cc60 JavaThread "Framework Event Dispatcher: Equinox Container: 55cc05e8-6bfc-4d8f-83d3-6a168dca2ad3" daemon [_thread_blocked, id=11652, stack(0x0000003f16400000,0x0000003f16500000) (1024K)]
  0x00000215544fc730 JavaThread "Start Level: Equinox Container: 55cc05e8-6bfc-4d8f-83d3-6a168dca2ad3" daemon [_thread_blocked, id=20452, stack(0x0000003f16500000,0x0000003f16600000) (1024K)]
  0x00000215591be890 JavaThread "SCR Component Actor"        daemon [_thread_blocked, id=20872, stack(0x0000003f16700000,0x0000003f16800000) (1024K)]
  0x0000021554c026d0 JavaThread "Worker-JM"                         [_thread_blocked, id=25500, stack(0x0000003f17300000,0x0000003f17400000) (1024K)]
  0x000002157ebd8d10 JavaThread "JNA Cleaner"                daemon [_thread_blocked, id=25212, stack(0x0000003f17000000,0x0000003f17100000) (1024K)]
  0x00000215549b7b00 JavaThread "Worker-1"                          [_thread_blocked, id=8260, stack(0x0000003f17900000,0x0000003f17a00000) (1024K)]
  0x00000215549b6de0 JavaThread "Thread-1"                   daemon [_thread_in_native, id=10548, stack(0x0000003f18000000,0x0000003f18100000) (1024K)]
  0x00000215549b8190 JavaThread "Thread-2"                   daemon [_thread_in_native, id=4712, stack(0x0000003f18100000,0x0000003f18200000) (1024K)]
  0x00000215549b8820 JavaThread "Thread-3"                   daemon [_thread_in_native, id=13180, stack(0x0000003f18200000,0x0000003f18300000) (1024K)]
  0x00000215549b9bd0 JavaThread "Thread-4"                   daemon [_thread_in_native, id=17640, stack(0x0000003f18300000,0x0000003f18400000) (1024K)]
  0x00000215549b6750 JavaThread "Thread-5"                   daemon [_thread_in_native, id=18968, stack(0x0000003f18400000,0x0000003f18500000) (1024K)]
  0x00000215549b8eb0 JavaThread "Thread-6"                   daemon [_thread_in_native, id=25356, stack(0x0000003f18500000,0x0000003f18600000) (1024K)]
  0x00000215549b9540 JavaThread "Thread-7"                   daemon [_thread_in_native, id=11528, stack(0x0000003f18600000,0x0000003f18700000) (1024K)]
  0x000002155a653d60 JavaThread "Thread-8"                   daemon [_thread_in_native, id=24908, stack(0x0000003f18700000,0x0000003f18800000) (1024K)]
  0x000002155a651c90 JavaThread "Thread-9"                   daemon [_thread_in_native, id=17316, stack(0x0000003f18800000,0x0000003f18900000) (1024K)]
  0x000002155a651600 JavaThread "Thread-10"                  daemon [_thread_in_native, id=4716, stack(0x0000003f18900000,0x0000003f18a00000) (1024K)]
  0x000002155a652320 JavaThread "Thread-11"                  daemon [_thread_in_native, id=10936, stack(0x0000003f18a00000,0x0000003f18b00000) (1024K)]
  0x000002155a6529b0 JavaThread "Thread-12"                  daemon [_thread_in_native, id=20752, stack(0x0000003f18b00000,0x0000003f18c00000) (1024K)]
  0x000002155a653040 JavaThread "Thread-13"                  daemon [_thread_in_native, id=25028, stack(0x0000003f18c00000,0x0000003f18d00000) (1024K)]
  0x000002155a6536d0 JavaThread "Thread-14"                  daemon [_thread_in_native, id=1804, stack(0x0000003f18d00000,0x0000003f18e00000) (1024K)]
  0x000002155a6543f0 JavaThread "Thread-15"                  daemon [_thread_in_native, id=15796, stack(0x0000003f18e00000,0x0000003f18f00000) (1024K)]
  0x000002155a650f70 JavaThread "Thread-16"                  daemon [_thread_in_native, id=7688, stack(0x0000003f18f00000,0x0000003f19000000) (1024K)]
  0x000002155a655110 JavaThread "Thread-17"                  daemon [_thread_in_native, id=22044, stack(0x0000003f19000000,0x0000003f19100000) (1024K)]
  0x000002155a6557a0 JavaThread "pool-2-thread-1"                   [_thread_blocked, id=20772, stack(0x0000003f19100000,0x0000003f19200000) (1024K)]
  0x000002155a655e30 JavaThread "Worker-2: Publish Diagnostics"        [_thread_in_Java, id=3288, stack(0x0000003f19300000,0x0000003f19400000) (1024K)]
  0x000002155a657870 JavaThread "WorkspaceEventsHandler"            [_thread_blocked, id=24392, stack(0x0000003f19500000,0x0000003f19600000) (1024K)]
  0x000002155a657f00 JavaThread "pool-1-thread-1"                   [_thread_blocked, id=13424, stack(0x0000003f19600000,0x0000003f19700000) (1024K)]
  0x0000021554740dd0 JavaThread "C1 CompilerThread1"         daemon [_thread_blocked, id=14008, stack(0x0000003f15400000,0x0000003f15500000) (1024K)]
  0x0000021559375150 JavaThread "C1 CompilerThread2"         daemon [_thread_blocked, id=25424, stack(0x0000003f15500000,0x0000003f15600000) (1024K)]
  0x000002155a656b50 JavaThread "ForkJoinPool.commonPool-worker-1" daemon [_thread_blocked, id=25752, stack(0x0000003f15600000,0x0000003f15700000) (1024K)]
  0x000002155a6571e0 JavaThread "ForkJoinPool.commonPool-worker-2" daemon [_thread_blocked, id=20704, stack(0x0000003f16900000,0x0000003f16a00000) (1024K)]
  0x0000021559208600 JavaThread "C1 CompilerThread3"         daemon [_thread_blocked, id=7656, stack(0x0000003f17b00000,0x0000003f17c00000) (1024K)]
  0x000002155a658590 JavaThread "Compiler Source File Reader" daemon [_thread_blocked, id=25676, stack(0x0000003f17f00000,0x0000003f18000000) (1024K)]
  0x000002155a6564c0 JavaThread "Compiler Processing Task"   daemon [_thread_blocked, id=18964, stack(0x0000003f17d00000,0x0000003f17e00000) (1024K)]
  0x000002155c176180 JavaThread "C2 CompilerThread1"         daemon [_thread_in_native, id=13812, stack(0x0000003f17800000,0x0000003f17900000) (1024K)]
=>0x000002155c174640 JavaThread "C2 CompilerThread2"         daemon [_thread_in_native, id=16572, stack(0x0000003f17a00000,0x0000003f17b00000) (1024K)]
  0x000002155c174d10 JavaThread "C2 CompilerThread3"         daemon [_thread_in_native, id=22008, stack(0x0000003f17c00000,0x0000003f17d00000) (1024K)]
  0x000002155c1753e0 JavaThread "C2 CompilerThread4"         daemon [_thread_in_native, id=25188, stack(0x0000003f17e00000,0x0000003f17f00000) (1024K)]
Total: 50

Other Threads:
  0x0000021577cf1990 VMThread "VM Thread"                           [id=18944, stack(0x0000003f15a00000,0x0000003f15b00000) (1024K)]
  0x000002157d4fba00 WatcherThread "VM Periodic Task Thread"        [id=9596, stack(0x0000003f15900000,0x0000003f15a00000) (1024K)]
  0x0000021577c6f990 WorkerThread "GC Thread#0"                     [id=21256, stack(0x0000003f15800000,0x0000003f15900000) (1024K)]
  0x0000021554abe5a0 WorkerThread "GC Thread#1"                     [id=21560, stack(0x0000003f16a00000,0x0000003f16b00000) (1024K)]
  0x0000021554abde40 WorkerThread "GC Thread#2"                     [id=16880, stack(0x0000003f16b00000,0x0000003f16c00000) (1024K)]
  0x0000021554abe1f0 WorkerThread "GC Thread#3"                     [id=14208, stack(0x0000003f16c00000,0x0000003f16d00000) (1024K)]
  0x0000021554abe950 WorkerThread "GC Thread#4"                     [id=9856, stack(0x0000003f16d00000,0x0000003f16e00000) (1024K)]
  0x0000021554abed00 WorkerThread "GC Thread#5"                     [id=12976, stack(0x0000003f16e00000,0x0000003f16f00000) (1024K)]
  0x0000021554abf0b0 WorkerThread "GC Thread#6"                     [id=25004, stack(0x0000003f16f00000,0x0000003f17000000) (1024K)]
  0x0000021554abf460 WorkerThread "GC Thread#7"                     [id=7360, stack(0x0000003f16300000,0x0000003f16400000) (1024K)]
  0x00000215548332e0 WorkerThread "GC Thread#8"                     [id=6892, stack(0x0000003f17400000,0x0000003f17500000) (1024K)]
  0x00000215548327d0 WorkerThread "GC Thread#9"                     [id=22624, stack(0x0000003f17500000,0x0000003f17600000) (1024K)]
  0x0000021554832b80 WorkerThread "GC Thread#10"                    [id=12084, stack(0x0000003f17200000,0x0000003f17300000) (1024K)]
  0x00000215548302f0 WorkerThread "GC Thread#11"                    [id=7828, stack(0x0000003f17600000,0x0000003f17700000) (1024K)]
  0x00000215548306a0 WorkerThread "GC Thread#12"                    [id=22280, stack(0x0000003f17700000,0x0000003f17800000) (1024K)]
Total: 15

Threads with active compile tasks:
C2 CompilerThread0  1468814 6678 % !   4       org.eclipse.jdt.internal.compiler.classfmt.ClassFileReader::<init> @ 81 (1968 bytes)
C2 CompilerThread1  1468815 6811       4       java.util.HashSet::add (20 bytes)
C2 CompilerThread2  1468815 6691       4       org.eclipse.jdt.internal.compiler.lookup.BinaryTypeBinding::createMethod (1666 bytes)
C2 CompilerThread3  1468815 6723  s    4       org.eclipse.jdt.internal.core.JavaModelManager::getInfo (39 bytes)
C2 CompilerThread4  1468816 6768 %     4       lombok.eclipse.handlers.EclipseHandlerUtil::findCopyableAnnotations @ 175 (243 bytes)
C2 CompilerThread5  1468816 6746       4       java.nio.ByteBuffer::position (8 bytes)
Total: 6

VM state: not at safepoint (normal execution)

VM Mutex/Monitor currently owned by a thread: None

Heap address: 0x0000000080000000, size: 2048 MB, Compressed Oops mode: 32-bit

CDS archive(s) mapped at: [0x0000021513000000-0x0000021513ba0000-0x0000021513ba0000), size 12189696, SharedBaseAddress: 0x0000021513000000, ArchiveRelocationMode: 1.
Compressed class space mapped at: 0x0000021514000000-0x0000021554000000, reserved size: 1073741824
Narrow klass base: 0x0000021513000000, Narrow klass shift: 0, Narrow klass range: 0x100000000

GC Precious Log:
 CardTable entry size: 512
 CPUs: 16 total, 16 available
 Memory: 16087M
 Large Page Support: Disabled
 NUMA Support: Disabled
 Compressed Oops: Enabled (32-bit)
 Alignments: Space 512K, Generation 512K, Heap 2M
 Heap Min Capacity: 100M
 Heap Initial Capacity: 100M
 Heap Max Capacity: 2G
 Pre-touch: Disabled
 Parallel Workers: 13

Heap:
 PSYoungGen      total 23552K, used 6959K [0x00000000d5580000, 0x00000000d6f80000, 0x0000000100000000)
  eden space 22016K, 26% used [0x00000000d5580000,0x00000000d5b1bff0,0x00000000d6b00000)
  from space 1536K, 79% used [0x00000000d6e00000,0x00000000d6f30000,0x00000000d6f80000)
  to   space 2048K, 0% used [0x00000000d6b80000,0x00000000d6b80000,0x00000000d6d80000)
 ParOldGen       total 68608K, used 37434K [0x0000000080000000, 0x0000000084300000, 0x00000000d5580000)
  object space 68608K, 54% used [0x0000000080000000,0x000000008248eaf0,0x0000000084300000)
 Metaspace       used 43145K, committed 44224K, reserved 1114112K
  class space    used 4319K, committed 4800K, reserved 1048576K

Card table byte_map: [0x000002157c960000,0x000002157cd70000] _byte_map_base: 0x000002157c560000

Marking Bits: (ParMarkBitMap*) 0x00007ff8a0b23450
 Begin Bits: [0x000002150f000000, 0x0000021511000000)
 End Bits:   [0x0000021511000000, 0x0000021513000000)

Polling page: 0x00000215780b0000

Metaspace:

Usage:
  Non-class:     37.92 MB used.
      Class:      4.22 MB used.
       Both:     42.13 MB used.

Virtual space:
  Non-class space:       64.00 MB reserved,      38.50 MB ( 60%) committed,  1 nodes.
      Class space:        1.00 GB reserved,       4.69 MB ( <1%) committed,  1 nodes.
             Both:        1.06 GB reserved,      43.19 MB (  4%) committed. 

Chunk freelists:
   Non-Class:  9.11 MB
       Class:  11.31 MB
        Both:  20.42 MB

MaxMetaspaceSize: unlimited
CompressedClassSpaceSize: 1.00 GB
Initial GC threshold: 21.00 MB
Current GC threshold: 58.38 MB
CDS: on
 - commit_granule_bytes: 65536.
 - commit_granule_words: 8192.
 - virtual_space_node_default_size: 8388608.
 - enlarge_chunks_in_place: 1.
 - use_allocation_guard: 0.


Internal statistics:

num_allocs_failed_limit: 6.
num_arena_births: 906.
num_arena_deaths: 56.
num_vsnodes_births: 2.
num_vsnodes_deaths: 0.
num_space_committed: 691.
num_space_uncommitted: 0.
num_chunks_returned_to_freelist: 77.
num_chunks_taken_from_freelist: 2877.
num_chunk_merges: 13.
num_chunk_splits: 1744.
num_chunks_enlarged: 1017.
num_inconsistent_stats: 0.

CodeHeap 'non-profiled nmethods': size=119168Kb used=4500Kb max_used=4500Kb free=114667Kb
 bounds [0x0000021507ba0000, 0x0000021508010000, 0x000002150f000000]
CodeHeap 'profiled nmethods': size=119104Kb used=14519Kb max_used=14519Kb free=104584Kb
 bounds [0x0000021500000000, 0x0000021500e30000, 0x0000021507450000]
CodeHeap 'non-nmethods': size=7488Kb used=3090Kb max_used=3148Kb free=4397Kb
 bounds [0x0000021507450000, 0x00000215077d0000, 0x0000021507ba0000]
CodeCache: size=245760Kb, used=22109Kb, max_used=22167Kb, free=223648Kb
 total_blobs=7108, nmethods=6399, adapters=611, full_count=0
Compilation: enabled, stopped_count=0, restarted_count=0

Compilation events (20 events):
Event: 1468.751 Thread 0x0000021559375150 nmethod 6814 0x0000021500e12710 code [0x0000021500e128c0, 0x0000021500e12bb8]
Event: 1468.751 Thread 0x0000021559375150 6821       1       org.eclipse.jdt.internal.compiler.lookup.MethodBinding::kind (3 bytes)
Event: 1468.751 Thread 0x0000021554740dd0 6822       3       org.eclipse.jdt.internal.compiler.lookup.PackageBinding::addNotFoundType (44 bytes)
Event: 1468.752 Thread 0x0000021559375150 nmethod 6821 0x0000021507ff6890 code [0x0000021507ff6a20, 0x0000021507ff6ae8]
Event: 1468.752 Thread 0x0000021559375150 6815   !   3       org.eclipse.jdt.internal.compiler.problem.ProblemHandler::handle (440 bytes)
Event: 1468.752 Thread 0x000002157eb0cd90 nmethod 6812 0x0000021500e12d10 code [0x0000021500e13260, 0x0000021500e15df0]
Event: 1468.752 Thread 0x0000021554740dd0 nmethod 6822 0x0000021500e17390 code [0x0000021500e17560, 0x0000021500e17820]
Event: 1468.753 Thread 0x0000021559208600 6817       3       org.eclipse.jdt.internal.compiler.util.Util::searchColumnNumber (63 bytes)
Event: 1468.753 Thread 0x0000021554740dd0 6819       1       org.eclipse.jdt.internal.compiler.lookup.ProblemReferenceBinding::closestMatch (5 bytes)
Event: 1468.753 Thread 0x0000021559208600 nmethod 6817 0x0000021500e17990 code [0x0000021500e17b60, 0x0000021500e17de0]
Event: 1468.754 Thread 0x0000021554740dd0 nmethod 6819 0x0000021507ff6b90 code [0x0000021507ff6d20, 0x0000021507ff6de8]
Event: 1468.754 Thread 0x0000021559208600 6823       1       org.eclipse.jdt.internal.compiler.lookup.BinaryTypeBinding::unannotated (5 bytes)
Event: 1468.755 Thread 0x0000021559208600 nmethod 6823 0x0000021507ff6e90 code [0x0000021507ff7020, 0x0000021507ff70e8]
Event: 1468.756 Thread 0x0000021559375150 nmethod 6815 0x0000021500e17f10 code [0x0000021500e182c0, 0x0000021500e19b60]
Event: 1468.760 Thread 0x0000021559375150 6824       3       org.eclipse.jdt.internal.compiler.lookup.Binding::initializeDeprecatedAnnotationTagBits (1 bytes)
Event: 1468.760 Thread 0x0000021554740dd0 6825       3       org.eclipse.jdt.internal.compiler.lookup.SplitPackageBinding::isDeclaredIn (11 bytes)
Event: 1468.760 Thread 0x000002157eb0cd90 6826       1       org.eclipse.jdt.internal.compiler.lookup.Scope::isLambdaScope (2 bytes)
Event: 1468.761 Thread 0x0000021559375150 nmethod 6824 0x0000021500e1a210 code [0x0000021500e1a3a0, 0x0000021500e1a4a8]
Event: 1468.761 Thread 0x000002157eb0cd90 nmethod 6826 0x0000021507ff7190 code [0x0000021507ff7320, 0x0000021507ff73e8]
Event: 1468.761 Thread 0x0000021554740dd0 nmethod 6825 0x0000021500e1a510 code [0x0000021500e1a6c0, 0x0000021500e1a898]

GC Heap History (20 events):
Event: 1463.433 GC heap before
{Heap before GC invocations=17 (full 1):
 PSYoungGen      total 24576K, used 24228K [0x00000000d5580000, 0x00000000d7000000, 0x0000000100000000)
  eden space 22016K, 100% used [0x00000000d5580000,0x00000000d6b00000,0x00000000d6b00000)
  from space 2560K, 86% used [0x00000000d6b00000,0x00000000d6d29000,0x00000000d6d80000)
  to   space 2560K, 0% used [0x00000000d6d80000,0x00000000d6d80000,0x00000000d7000000)
 ParOldGen       total 68608K, used 28157K [0x0000000080000000, 0x0000000084300000, 0x00000000d5580000)
  object space 68608K, 41% used [0x0000000080000000,0x0000000081b7f6f8,0x0000000084300000)
 Metaspace       used 34225K, committed 35200K, reserved 1114112K
  class space    used 3474K, committed 3904K, reserved 1048576K
}
Event: 1463.440 GC heap after
{Heap after GC invocations=17 (full 1):
 PSYoungGen      total 24576K, used 2336K [0x00000000d5580000, 0x00000000d7000000, 0x0000000100000000)
  eden space 22016K, 0% used [0x00000000d5580000,0x00000000d5580000,0x00000000d6b00000)
  from space 2560K, 91% used [0x00000000d6d80000,0x00000000d6fc8010,0x00000000d7000000)
  to   space 2560K, 0% used [0x00000000d6b00000,0x00000000d6b00000,0x00000000d6d80000)
 ParOldGen       total 68608K, used 30211K [0x0000000080000000, 0x0000000084300000, 0x00000000d5580000)
  object space 68608K, 44% used [0x0000000080000000,0x0000000081d80f10,0x0000000084300000)
 Metaspace       used 34225K, committed 35200K, reserved 1114112K
  class space    used 3474K, committed 3904K, reserved 1048576K
}
Event: 1463.630 GC heap before
{Heap before GC invocations=18 (full 1):
 PSYoungGen      total 24576K, used 24352K [0x00000000d5580000, 0x00000000d7000000, 0x0000000100000000)
  eden space 22016K, 100% used [0x00000000d5580000,0x00000000d6b00000,0x00000000d6b00000)
  from space 2560K, 91% used [0x00000000d6d80000,0x00000000d6fc8010,0x00000000d7000000)
  to   space 2560K, 0% used [0x00000000d6b00000,0x00000000d6b00000,0x00000000d6d80000)
 ParOldGen       total 68608K, used 30211K [0x0000000080000000, 0x0000000084300000, 0x00000000d5580000)
  object space 68608K, 44% used [0x0000000080000000,0x0000000081d80f10,0x0000000084300000)
 Metaspace       used 34336K, committed 35328K, reserved 1114112K
  class space    used 3475K, committed 3904K, reserved 1048576K
}
Event: 1463.636 GC heap after
{Heap after GC invocations=18 (full 1):
 PSYoungGen      total 24576K, used 2208K [0x00000000d5580000, 0x00000000d7000000, 0x0000000100000000)
  eden space 22016K, 0% used [0x00000000d5580000,0x00000000d5580000,0x00000000d6b00000)
  from space 2560K, 86% used [0x00000000d6b00000,0x00000000d6d28000,0x00000000d6d80000)
  to   space 2560K, 0% used [0x00000000d6d80000,0x00000000d6d80000,0x00000000d7000000)
 ParOldGen       total 68608K, used 32403K [0x0000000080000000, 0x0000000084300000, 0x00000000d5580000)
  object space 68608K, 47% used [0x0000000080000000,0x0000000081fa4f20,0x0000000084300000)
 Metaspace       used 34336K, committed 35328K, reserved 1114112K
  class space    used 3475K, committed 3904K, reserved 1048576K
}
Event: 1463.857 GC heap before
{Heap before GC invocations=19 (full 1):
 PSYoungGen      total 24576K, used 16828K [0x00000000d5580000, 0x00000000d7000000, 0x0000000100000000)
  eden space 22016K, 66% used [0x00000000d5580000,0x00000000d63c7198,0x00000000d6b00000)
  from space 2560K, 86% used [0x00000000d6b00000,0x00000000d6d28000,0x00000000d6d80000)
  to   space 2560K, 0% used [0x00000000d6d80000,0x00000000d6d80000,0x00000000d7000000)
 ParOldGen       total 68608K, used 32403K [0x0000000080000000, 0x0000000084300000, 0x00000000d5580000)
  object space 68608K, 47% used [0x0000000080000000,0x0000000081fa4f20,0x0000000084300000)
 Metaspace       used 34837K, committed 35840K, reserved 1114112K
  class space    used 3532K, committed 3968K, reserved 1048576K
}
Event: 1463.864 GC heap after
{Heap after GC invocations=19 (full 1):
 PSYoungGen      total 23552K, used 1344K [0x00000000d5580000, 0x00000000d6f00000, 0x0000000100000000)
  eden space 22016K, 0% used [0x00000000d5580000,0x00000000d5580000,0x00000000d6b00000)
  from space 1536K, 87% used [0x00000000d6d80000,0x00000000d6ed0000,0x00000000d6f00000)
  to   space 2048K, 0% used [0x00000000d6b00000,0x00000000d6b00000,0x00000000d6d00000)
 ParOldGen       total 68608K, used 34380K [0x0000000080000000, 0x0000000084300000, 0x00000000d5580000)
  object space 68608K, 50% used [0x0000000080000000,0x0000000082193120,0x0000000084300000)
 Metaspace       used 34837K, committed 35840K, reserved 1114112K
  class space    used 3532K, committed 3968K, reserved 1048576K
}
Event: 1463.864 GC heap before
{Heap before GC invocations=20 (full 2):
 PSYoungGen      total 23552K, used 1344K [0x00000000d5580000, 0x00000000d6f00000, 0x0000000100000000)
  eden space 22016K, 0% used [0x00000000d5580000,0x00000000d5580000,0x00000000d6b00000)
  from space 1536K, 87% used [0x00000000d6d80000,0x00000000d6ed0000,0x00000000d6f00000)
  to   space 2048K, 0% used [0x00000000d6b00000,0x00000000d6b00000,0x00000000d6d00000)
 ParOldGen       total 68608K, used 34380K [0x0000000080000000, 0x0000000084300000, 0x00000000d5580000)
  object space 68608K, 50% used [0x0000000080000000,0x0000000082193120,0x0000000084300000)
 Metaspace       used 34837K, committed 35840K, reserved 1114112K
  class space    used 3532K, committed 3968K, reserved 1048576K
}
Event: 1464.006 GC heap after
{Heap after GC invocations=20 (full 2):
 PSYoungGen      total 23552K, used 0K [0x00000000d5580000, 0x00000000d6f00000, 0x0000000100000000)
  eden space 22016K, 0% used [0x00000000d5580000,0x00000000d5580000,0x00000000d6b00000)
  from space 1536K, 0% used [0x00000000d6d80000,0x00000000d6d80000,0x00000000d6f00000)
  to   space 2048K, 0% used [0x00000000d6b00000,0x00000000d6b00000,0x00000000d6d00000)
 ParOldGen       total 68608K, used 32839K [0x0000000080000000, 0x0000000084300000, 0x00000000d5580000)
  object space 68608K, 47% used [0x0000000080000000,0x0000000082011c00,0x0000000084300000)
 Metaspace       used 34801K, committed 35840K, reserved 1114112K
  class space    used 3521K, committed 3968K, reserved 1048576K
}
Event: 1464.638 GC heap before
{Heap before GC invocations=21 (full 2):
 PSYoungGen      total 23552K, used 21998K [0x00000000d5580000, 0x00000000d6f00000, 0x0000000100000000)
  eden space 22016K, 99% used [0x00000000d5580000,0x00000000d6afbbc0,0x00000000d6b00000)
  from space 1536K, 0% used [0x00000000d6d80000,0x00000000d6d80000,0x00000000d6f00000)
  to   space 2048K, 0% used [0x00000000d6b00000,0x00000000d6b00000,0x00000000d6d00000)
 ParOldGen       total 68608K, used 32839K [0x0000000080000000, 0x0000000084300000, 0x00000000d5580000)
  object space 68608K, 47% used [0x0000000080000000,0x0000000082011c00,0x0000000084300000)
 Metaspace       used 36867K, committed 37888K, reserved 1114112K
  class space    used 3711K, committed 4160K, reserved 1048576K
}
Event: 1464.640 GC heap after
{Heap after GC invocations=21 (full 2):
 PSYoungGen      total 24064K, used 627K [0x00000000d5580000, 0x00000000d6e00000, 0x0000000100000000)
  eden space 22016K, 0% used [0x00000000d5580000,0x00000000d5580000,0x00000000d6b00000)
  from space 2048K, 30% used [0x00000000d6b00000,0x00000000d6b9cf70,0x00000000d6d00000)
  to   space 1024K, 0% used [0x00000000d6d00000,0x00000000d6d00000,0x00000000d6e00000)
 ParOldGen       total 68608K, used 32847K [0x0000000080000000, 0x0000000084300000, 0x00000000d5580000)
  object space 68608K, 47% used [0x0000000080000000,0x0000000082013c00,0x0000000084300000)
 Metaspace       used 36867K, committed 37888K, reserved 1114112K
  class space    used 3711K, committed 4160K, reserved 1048576K
}
Event: 1465.112 GC heap before
{Heap before GC invocations=22 (full 2):
 PSYoungGen      total 24064K, used 22643K [0x00000000d5580000, 0x00000000d6e00000, 0x0000000100000000)
  eden space 22016K, 100% used [0x00000000d5580000,0x00000000d6b00000,0x00000000d6b00000)
  from space 2048K, 30% used [0x00000000d6b00000,0x00000000d6b9cf70,0x00000000d6d00000)
  to   space 1024K, 0% used [0x00000000d6d00000,0x00000000d6d00000,0x00000000d6e00000)
 ParOldGen       total 68608K, used 32847K [0x0000000080000000, 0x0000000084300000, 0x00000000d5580000)
  object space 68608K, 47% used [0x0000000080000000,0x0000000082013c00,0x0000000084300000)
 Metaspace       used 38725K, committed 39744K, reserved 1114112K
  class space    used 3908K, committed 4352K, reserved 1048576K
}
Event: 1465.115 GC heap after
{Heap after GC invocations=22 (full 2):
 PSYoungGen      total 23040K, used 992K [0x00000000d5580000, 0x00000000d6f00000, 0x0000000100000000)
  eden space 22016K, 0% used [0x00000000d5580000,0x00000000d5580000,0x00000000d6b00000)
  from space 1024K, 96% used [0x00000000d6d00000,0x00000000d6df8238,0x00000000d6e00000)
  to   space 2048K, 0% used [0x00000000d6b00000,0x00000000d6b00000,0x00000000d6d00000)
 ParOldGen       total 68608K, used 33621K [0x0000000080000000, 0x0000000084300000, 0x00000000d5580000)
  object space 68608K, 49% used [0x0000000080000000,0x00000000820d54f8,0x0000000084300000)
 Metaspace       used 38725K, committed 39744K, reserved 1114112K
  class space    used 3908K, committed 4352K, reserved 1048576K
}
Event: 1465.638 GC heap before
{Heap before GC invocations=23 (full 2):
 PSYoungGen      total 23040K, used 23001K [0x00000000d5580000, 0x00000000d6f00000, 0x0000000100000000)
  eden space 22016K, 99% used [0x00000000d5580000,0x00000000d6afe318,0x00000000d6b00000)
  from space 1024K, 96% used [0x00000000d6d00000,0x00000000d6df8238,0x00000000d6e00000)
  to   space 2048K, 0% used [0x00000000d6b00000,0x00000000d6b00000,0x00000000d6d00000)
 ParOldGen       total 68608K, used 33621K [0x0000000080000000, 0x0000000084300000, 0x00000000d5580000)
  object space 68608K, 49% used [0x0000000080000000,0x00000000820d54f8,0x0000000084300000)
 Metaspace       used 38837K, committed 39808K, reserved 1114112K
  class space    used 3919K, committed 4352K, reserved 1048576K
}
Event: 1465.642 GC heap after
{Heap after GC invocations=23 (full 2):
 PSYoungGen      total 23552K, used 1142K [0x00000000d5580000, 0x00000000d6e00000, 0x0000000100000000)
  eden space 22016K, 0% used [0x00000000d5580000,0x00000000d5580000,0x00000000d6b00000)
  from space 1536K, 74% used [0x00000000d6b00000,0x00000000d6c1d9d8,0x00000000d6c80000)
  to   space 1536K, 0% used [0x00000000d6c80000,0x00000000d6c80000,0x00000000d6e00000)
 ParOldGen       total 68608K, used 34642K [0x0000000080000000, 0x0000000084300000, 0x00000000d5580000)
  object space 68608K, 50% used [0x0000000080000000,0x00000000821d4b48,0x0000000084300000)
 Metaspace       used 38837K, committed 39808K, reserved 1114112K
  class space    used 3919K, committed 4352K, reserved 1048576K
}
Event: 1466.022 GC heap before
{Heap before GC invocations=24 (full 2):
 PSYoungGen      total 23552K, used 23158K [0x00000000d5580000, 0x00000000d6e00000, 0x0000000100000000)
  eden space 22016K, 100% used [0x00000000d5580000,0x00000000d6b00000,0x00000000d6b00000)
  from space 1536K, 74% used [0x00000000d6b00000,0x00000000d6c1d9d8,0x00000000d6c80000)
  to   space 1536K, 0% used [0x00000000d6c80000,0x00000000d6c80000,0x00000000d6e00000)
 ParOldGen       total 68608K, used 34642K [0x0000000080000000, 0x0000000084300000, 0x00000000d5580000)
  object space 68608K, 50% used [0x0000000080000000,0x00000000821d4b48,0x0000000084300000)
 Metaspace       used 40223K, committed 41280K, reserved 1114112K
  class space    used 4054K, committed 4480K, reserved 1048576K
}
Event: 1466.026 GC heap after
{Heap after GC invocations=24 (full 2):
 PSYoungGen      total 23552K, used 1120K [0x00000000d5580000, 0x00000000d6e00000, 0x0000000100000000)
  eden space 22016K, 0% used [0x00000000d5580000,0x00000000d5580000,0x00000000d6b00000)
  from space 1536K, 72% used [0x00000000d6c80000,0x00000000d6d98030,0x00000000d6e00000)
  to   space 1536K, 0% used [0x00000000d6b00000,0x00000000d6b00000,0x00000000d6c80000)
 ParOldGen       total 68608K, used 35243K [0x0000000080000000, 0x0000000084300000, 0x00000000d5580000)
  object space 68608K, 51% used [0x0000000080000000,0x000000008226aeb8,0x0000000084300000)
 Metaspace       used 40223K, committed 41280K, reserved 1114112K
  class space    used 4054K, committed 4480K, reserved 1048576K
}
Event: 1467.424 GC heap before
{Heap before GC invocations=25 (full 2):
 PSYoungGen      total 23552K, used 23135K [0x00000000d5580000, 0x00000000d6e00000, 0x0000000100000000)
  eden space 22016K, 99% used [0x00000000d5580000,0x00000000d6afff88,0x00000000d6b00000)
  from space 1536K, 72% used [0x00000000d6c80000,0x00000000d6d98030,0x00000000d6e00000)
  to   space 1536K, 0% used [0x00000000d6b00000,0x00000000d6b00000,0x00000000d6c80000)
 ParOldGen       total 68608K, used 35243K [0x0000000080000000, 0x0000000084300000, 0x00000000d5580000)
  object space 68608K, 51% used [0x0000000080000000,0x000000008226aeb8,0x0000000084300000)
 Metaspace       used 42093K, committed 43136K, reserved 1114112K
  class space    used 4251K, committed 4672K, reserved 1048576K
}
Event: 1467.428 GC heap after
{Heap after GC invocations=25 (full 2):
 PSYoungGen      total 23552K, used 1515K [0x00000000d5580000, 0x00000000d7100000, 0x0000000100000000)
  eden space 22016K, 0% used [0x00000000d5580000,0x00000000d5580000,0x00000000d6b00000)
  from space 1536K, 98% used [0x00000000d6b00000,0x00000000d6c7ac68,0x00000000d6c80000)
  to   space 3072K, 0% used [0x00000000d6e00000,0x00000000d6e00000,0x00000000d7100000)
 ParOldGen       total 68608K, used 36139K [0x0000000080000000, 0x0000000084300000, 0x00000000d5580000)
  object space 68608K, 52% used [0x0000000080000000,0x000000008234af78,0x0000000084300000)
 Metaspace       used 42093K, committed 43136K, reserved 1114112K
  class space    used 4251K, committed 4672K, reserved 1048576K
}
Event: 1468.606 GC heap before
{Heap before GC invocations=26 (full 2):
 PSYoungGen      total 23552K, used 23531K [0x00000000d5580000, 0x00000000d7100000, 0x0000000100000000)
  eden space 22016K, 100% used [0x00000000d5580000,0x00000000d6b00000,0x00000000d6b00000)
  from space 1536K, 98% used [0x00000000d6b00000,0x00000000d6c7ac68,0x00000000d6c80000)
  to   space 3072K, 0% used [0x00000000d6e00000,0x00000000d6e00000,0x00000000d7100000)
 ParOldGen       total 68608K, used 36139K [0x0000000080000000, 0x0000000084300000, 0x00000000d5580000)
  object space 68608K, 52% used [0x0000000080000000,0x000000008234af78,0x0000000084300000)
 Metaspace       used 43048K, committed 44096K, reserved 1114112K
  class space    used 4318K, committed 4800K, reserved 1048576K
}
Event: 1468.610 GC heap after
{Heap after GC invocations=26 (full 2):
 PSYoungGen      total 23552K, used 1216K [0x00000000d5580000, 0x00000000d6f80000, 0x0000000100000000)
  eden space 22016K, 0% used [0x00000000d5580000,0x00000000d5580000,0x00000000d6b00000)
  from space 1536K, 79% used [0x00000000d6e00000,0x00000000d6f30000,0x00000000d6f80000)
  to   space 2048K, 0% used [0x00000000d6b80000,0x00000000d6b80000,0x00000000d6d80000)
 ParOldGen       total 68608K, used 37434K [0x0000000080000000, 0x0000000084300000, 0x00000000d5580000)
  object space 68608K, 54% used [0x0000000080000000,0x000000008248eaf0,0x0000000084300000)
 Metaspace       used 43048K, committed 44096K, reserved 1114112K
  class space    used 4318K, committed 4800K, reserved 1048576K
}

Dll operation events (10 events):
Event: 0.561 Loaded shared library c:\Users\MSI\.vscode\extensions\redhat.java-1.53.0-win32-x64\jre\21.0.10-win32-x86_64\bin\java.dll
Event: 0.834 Loaded shared library c:\Users\MSI\.vscode\extensions\redhat.java-1.53.0-win32-x64\jre\21.0.10-win32-x86_64\bin\zip.dll
Event: 0.903 Loaded shared library C:\Users\MSI\.vscode\extensions\redhat.java-1.53.0-win32-x64\jre\21.0.10-win32-x86_64\bin\instrument.dll
Event: 1.048 Loaded shared library C:\Users\MSI\.vscode\extensions\redhat.java-1.53.0-win32-x64\jre\21.0.10-win32-x86_64\bin\net.dll
Event: 1.190 Loaded shared library C:\Users\MSI\.vscode\extensions\redhat.java-1.53.0-win32-x64\jre\21.0.10-win32-x86_64\bin\nio.dll
Event: 1.195 Loaded shared library C:\Users\MSI\.vscode\extensions\redhat.java-1.53.0-win32-x64\jre\21.0.10-win32-x86_64\bin\zip.dll
Event: 1.236 Loaded shared library C:\Users\MSI\.vscode\extensions\redhat.java-1.53.0-win32-x64\jre\21.0.10-win32-x86_64\bin\jimage.dll
Event: 1.410 Loaded shared library c:\Users\MSI\.vscode\extensions\redhat.java-1.53.0-win32-x64\jre\21.0.10-win32-x86_64\bin\verify.dll
Event: 33.764 Loaded shared library C:\Users\MSI\AppData\Roaming\Code\User\globalStorage\redhat.java\1.53.0\config_ss_win\org.eclipse.equinox.launcher\org.eclipse.equinox.launcher.win32.win32.x86_64_1.3.0.v20260203-2149\eclipse_11919.dll
Event: 36.849 Loaded shared library C:\Users\MSI\AppData\Local\Temp\jna-76643\jna13356516176386017573.dll

Deoptimization events (20 events):
Event: 1468.590 Thread 0x000002155a655e30 Uncommon trap: trap_request=0xffffffde fr.pc=0x0000021507f89e5c relative=0x000000000000295c
Event: 1468.590 Thread 0x000002155a655e30 Uncommon trap: reason=class_check action=maybe_recompile pc=0x0000021507f89e5c method=org.eclipse.jdt.internal.core.JavaModelCache.getInfo(Lorg/eclipse/jdt/core/IJavaElement;)Lorg/eclipse/jdt/internal/compiler/env/IElementInfo; @ 138 c2
Event: 1468.590 Thread 0x000002155a655e30 DEOPT PACKING pc=0x0000021507f89e5c sp=0x0000003f193fdf50
Event: 1468.590 Thread 0x000002155a655e30 DEOPT UNPACKING pc=0x00000215074a3aa2 sp=0x0000003f193fdec0 mode 2
Event: 1468.613 Thread 0x000002155a655e30 Uncommon trap: trap_request=0xffffff45 fr.pc=0x0000021507e1e8fc relative=0x000000000000075c
Event: 1468.613 Thread 0x000002155a655e30 Uncommon trap: reason=unstable_if action=reinterpret pc=0x0000021507e1e8fc method=org.eclipse.jdt.internal.core.util.WeakHashSet.cleanupGarbageCollectedValues()V @ 140 c2
Event: 1468.613 Thread 0x000002155a655e30 DEOPT PACKING pc=0x0000021507e1e8fc sp=0x0000003f193fe520
Event: 1468.613 Thread 0x000002155a655e30 DEOPT UNPACKING pc=0x00000215074a3aa2 sp=0x0000003f193fe428 mode 2
Event: 1468.617 Thread 0x000002155a655e30 Uncommon trap: trap_request=0xffffff45 fr.pc=0x0000021507eb1b20 relative=0x0000000000000080
Event: 1468.617 Thread 0x000002155a655e30 Uncommon trap: reason=unstable_if action=reinterpret pc=0x0000021507eb1b20 method=java.util.Arrays.equals([C[C)Z @ 8 c2
Event: 1468.617 Thread 0x000002155a655e30 DEOPT PACKING pc=0x0000021507eb1b20 sp=0x0000003f193fe770
Event: 1468.617 Thread 0x000002155a655e30 DEOPT UNPACKING pc=0x00000215074a3aa2 sp=0x0000003f193fe6f8 mode 2
Event: 1468.620 Thread 0x000002155a655e30 Uncommon trap: trap_request=0xffffffde fr.pc=0x0000021507f89e5c relative=0x000000000000295c
Event: 1468.620 Thread 0x000002155a655e30 Uncommon trap: reason=class_check action=maybe_recompile pc=0x0000021507f89e5c method=org.eclipse.jdt.internal.core.JavaModelCache.getInfo(Lorg/eclipse/jdt/core/IJavaElement;)Lorg/eclipse/jdt/internal/compiler/env/IElementInfo; @ 138 c2
Event: 1468.620 Thread 0x000002155a655e30 DEOPT PACKING pc=0x0000021507f89e5c sp=0x0000003f193fd0f0
Event: 1468.620 Thread 0x000002155a655e30 DEOPT UNPACKING pc=0x00000215074a3aa2 sp=0x0000003f193fd060 mode 2
Event: 1468.620 Thread 0x000002155a655e30 Uncommon trap: trap_request=0xffffffde fr.pc=0x0000021507f89e5c relative=0x000000000000295c
Event: 1468.620 Thread 0x000002155a655e30 Uncommon trap: reason=class_check action=maybe_recompile pc=0x0000021507f89e5c method=org.eclipse.jdt.internal.core.JavaModelCache.getInfo(Lorg/eclipse/jdt/core/IJavaElement;)Lorg/eclipse/jdt/internal/compiler/env/IElementInfo; @ 138 c2
Event: 1468.620 Thread 0x000002155a655e30 DEOPT PACKING pc=0x0000021507f89e5c sp=0x0000003f193fd6a0
Event: 1468.621 Thread 0x000002155a655e30 DEOPT UNPACKING pc=0x00000215074a3aa2 sp=0x0000003f193fd610 mode 2

Classes loaded (20 events):
Event: 1465.780 Loading class java/util/concurrent/ArrayBlockingQueue
Event: 1465.781 Loading class java/util/concurrent/ArrayBlockingQueue done
Event: 1465.864 Loading class java/util/stream/ReferencePipeline$4
Event: 1465.867 Loading class java/util/stream/ReferencePipeline$4 done
Event: 1465.869 Loading class java/util/stream/Nodes$IntFixedNodeBuilder
Event: 1465.872 Loading class java/util/stream/Node$Builder$OfInt
Event: 1465.872 Loading class java/util/stream/Node$Builder$OfInt done
Event: 1465.872 Loading class java/util/stream/Nodes$IntArrayNode
Event: 1465.873 Loading class java/util/stream/Nodes$IntArrayNode done
Event: 1465.873 Loading class java/util/stream/Nodes$IntFixedNodeBuilder done
Event: 1465.873 Loading class java/util/stream/ReferencePipeline$4$1
Event: 1465.873 Loading class java/util/stream/ReferencePipeline$4$1 done
Event: 1466.058 Loading class java/util/Hashtable$ValueCollection
Event: 1466.058 Loading class java/util/Hashtable$ValueCollection done
Event: 1466.076 Loading class java/util/concurrent/locks/ReentrantReadWriteLock$Sync$HoldCounter
Event: 1466.076 Loading class java/util/concurrent/locks/ReentrantReadWriteLock$Sync$HoldCounter done
Event: 1466.369 Loading class java/util/regex/PatternSyntaxException
Event: 1466.370 Loading class java/util/regex/PatternSyntaxException done
Event: 1467.607 Loading class java/lang/StringLatin1$LinesSpliterator
Event: 1467.622 Loading class java/lang/StringLatin1$LinesSpliterator done

Classes unloaded (20 events):
Event: 1463.899 Thread 0x0000021577cf1990 Unloading class 0x00000215143c9000 'java/lang/invoke/LambdaForm$MH+0x00000215143c9000'
Event: 1463.899 Thread 0x0000021577cf1990 Unloading class 0x00000215143c8800 'java/lang/invoke/LambdaForm$MH+0x00000215143c8800'
Event: 1463.899 Thread 0x0000021577cf1990 Unloading class 0x00000215143c8000 'java/lang/invoke/LambdaForm$MH+0x00000215143c8000'
Event: 1463.899 Thread 0x0000021577cf1990 Unloading class 0x00000215143c7800 'java/lang/invoke/LambdaForm$MH+0x00000215143c7800'
Event: 1463.899 Thread 0x0000021577cf1990 Unloading class 0x00000215143c7400 'java/lang/invoke/LambdaForm$DMH+0x00000215143c7400'
Event: 1463.899 Thread 0x0000021577cf1990 Unloading class 0x00000215143c6800 'java/lang/invoke/LambdaForm$MH+0x00000215143c6800'
Event: 1463.899 Thread 0x0000021577cf1990 Unloading class 0x00000215143c6000 'java/lang/invoke/LambdaForm$MH+0x00000215143c6000'
Event: 1463.899 Thread 0x0000021577cf1990 Unloading class 0x00000215143c5800 'java/lang/invoke/LambdaForm$MH+0x00000215143c5800'
Event: 1463.899 Thread 0x0000021577cf1990 Unloading class 0x00000215143c5400 'java/lang/invoke/LambdaForm$DMH+0x00000215143c5400'
Event: 1463.899 Thread 0x0000021577cf1990 Unloading class 0x00000215143c4800 'java/lang/invoke/LambdaForm$MH+0x00000215143c4800'
Event: 1463.899 Thread 0x0000021577cf1990 Unloading class 0x00000215143c4000 'java/lang/invoke/LambdaForm$MH+0x00000215143c4000'
Event: 1463.899 Thread 0x0000021577cf1990 Unloading class 0x00000215143b1400 'java/lang/invoke/LambdaForm$MH+0x00000215143b1400'
Event: 1463.899 Thread 0x0000021577cf1990 Unloading class 0x00000215143b0800 'java/lang/invoke/LambdaForm$MH+0x00000215143b0800'
Event: 1463.899 Thread 0x0000021577cf1990 Unloading class 0x00000215143b0000 'java/lang/invoke/LambdaForm$MH+0x00000215143b0000'
Event: 1463.899 Thread 0x0000021577cf1990 Unloading class 0x00000215143af800 'java/lang/invoke/LambdaForm$DMH+0x00000215143af800'
Event: 1463.899 Thread 0x0000021577cf1990 Unloading class 0x00000215143aec00 'java/lang/invoke/LambdaForm$MH+0x00000215143aec00'
Event: 1463.899 Thread 0x0000021577cf1990 Unloading class 0x00000215143aa800 'java/lang/invoke/LambdaForm$MH+0x00000215143aa800'
Event: 1463.899 Thread 0x0000021577cf1990 Unloading class 0x00000215143aa000 'java/lang/invoke/LambdaForm$MH+0x00000215143aa000'
Event: 1463.899 Thread 0x0000021577cf1990 Unloading class 0x00000215143a9400 'java/lang/invoke/LambdaForm$MH+0x00000215143a9400'
Event: 1463.899 Thread 0x0000021577cf1990 Unloading class 0x00000215143a8800 'java/lang/invoke/LambdaForm$DMH+0x00000215143a8800'

Classes redefined (0 events):
No events

Internal exceptions (20 events):
Event: 1462.847 Thread 0x00000215549b7b00 Exception <a 'java/io/FileNotFoundException'{0x00000000d6387eb8}> (0x00000000d6387eb8) 
thrown [s\src\hotspot\share\prims\jni.cpp, line 520]
Event: 1462.849 Thread 0x00000215549b7b00 Exception <a 'java/io/FileNotFoundException'{0x00000000d6408928}> (0x00000000d6408928) 
thrown [s\src\hotspot\share\prims\jni.cpp, line 520]
Event: 1462.849 Thread 0x00000215549b7b00 Exception <a 'java/io/FileNotFoundException'{0x00000000d6409bc8}> (0x00000000d6409bc8) 
thrown [s\src\hotspot\share\prims\jni.cpp, line 520]
Event: 1462.850 Thread 0x00000215549b7b00 Exception <a 'java/io/FileNotFoundException'{0x00000000d640ae40}> (0x00000000d640ae40) 
thrown [s\src\hotspot\share\prims\jni.cpp, line 520]
Event: 1464.160 Thread 0x000002155a656b50 Exception <a 'java/lang/LinkageError'{0x00000000d5981ef0}: loader lombok.launch.ShadowClassLoader @313f1f38 attempted duplicate class definition for lombok.launch.PatchFixesHider$Transform. (lombok.launch.PatchFixesHider$Transform is in unnamed module of loader lombok.launch.ShadowClassLoader @313f1f38, parent loader org.eclipse.osgi.internal.loader.EquinoxClassLoader @62b04fb6)> (0x00000000d5981ef0) 
thrown [s\src\hotspot\share\classfile\systemDictionary.cpp, line 1672]
Event: 1464.164 Thread 0x000002155a6571e0 Exception <a 'java/lang/LinkageError'{0x00000000d55df360}: loader lombok.launch.ShadowClassLoader @313f1f38 attempted duplicate class definition for lombok.launch.PatchFixesHider$Transform. (lombok.launch.PatchFixesHider$Transform is in unnamed module of loader lombok.launch.ShadowClassLoader @313f1f38, parent loader org.eclipse.osgi.internal.loader.EquinoxClassLoader @62b04fb6)> (0x00000000d55df360) 
thrown [s\src\hotspot\share\classfile\systemDictionary.cpp, line 1672]
Event: 1465.038 Thread 0x000002155a657f00 Exception <a 'java/lang/LinkageError'{0x00000000d6706d10}: loader lombok.launch.ShadowClassLoader @313f1f38 attempted duplicate class definition for lombok.launch.PatchFixesHider$ValPortal. (lombok.launch.PatchFixesHider$ValPortal is in unnamed module of loader lombok.launch.ShadowClassLoader @313f1f38, parent loader org.eclipse.osgi.internal.loader.EquinoxClassLoader @62b04fb6)> (0x00000000d6706d10) 
thrown [s\src\hotspot\share\classfile\systemDictionary.cpp, line 1672]
Event: 1465.040 Thread 0x000002155a656b50 Exception <a 'java/lang/LinkageError'{0x00000000d677bde8}: loader lombok.launch.ShadowClassLoader @313f1f38 attempted duplicate class definition for lombok.launch.PatchFixesHider$ValPortal. (lombok.launch.PatchFixesHider$ValPortal is in unnamed module of loader lombok.launch.ShadowClassLoader @313f1f38, parent loader org.eclipse.osgi.internal.loader.EquinoxClassLoader @62b04fb6)> (0x00000000d677bde8) 
thrown [s\src\hotspot\share\classfile\systemDictionary.cpp, line 1672]
Event: 1465.096 Thread 0x00000215549b7b00 Exception <a 'java/lang/NoSuchMethodError'{0x00000000d6a0a750}: 'int java.lang.invoke.DirectMethodHandle$Holder.invokeSpecialIFC(java.lang.Object, java.lang.Object, java.lang.Object)'> (0x00000000d6a0a750) 
thrown [s\src\hotspot\share\interpreter\linkResolver.cpp, line 773]
Event: 1466.028 Thread 0x000002155a6571e0 Exception <a 'java/lang/LinkageError'{0x00000000d559a478}: loader lombok.launch.ShadowClassLoader @2ca9add0 attempted duplicate class definition for lombok.launch.PatchFixesHider$FieldInitializer. (lombok.launch.PatchFixesHider$FieldInitializer is in unnamed module of loader lombok.launch.ShadowClassLoader @2ca9add0, parent loader org.eclipse.osgi.internal.loader.EquinoxClassLoader @363e9d4d)> (0x00000000d559a478) 
thrown [s\src\hotspot\share\classfile\systemDictionary.cpp, line 1672]
Event: 1466.030 Thread 0x000002155a657f00 Exception <a 'java/lang/LinkageError'{0x00000000d55f7d08}: loader lombok.launch.ShadowClassLoader @2ca9add0 attempted duplicate class definition for lombok.launch.PatchFixesHider$FieldInitializer. (lombok.launch.PatchFixesHider$FieldInitializer is in unnamed module of loader lombok.launch.ShadowClassLoader @2ca9add0, parent loader org.eclipse.osgi.internal.loader.EquinoxClassLoader @363e9d4d)> (0x00000000d55f7d08) 
thrown [s\src\hotspot\share\classfile\systemDictionary.cpp, line 1672]
Event: 1466.063 Thread 0x000002155a6571e0 Exception <a 'java/lang/NoSuchMethodError'{0x00000000d56a11a8}: 'java.lang.Object java.lang.invoke.DirectMethodHandle$Holder.invokeSpecial(java.lang.Object, java.lang.Object, java.lang.Object, java.lang.Object, int, java.lang.Object, java.lang.Object)'> (0x00000000d56a11a8) 
thrown [s\src\hotspot\share\interpreter\linkResolver.cpp, line 773]
Event: 1466.063 Thread 0x000002155a656b50 Exception <a 'java/lang/NoSuchMethodError'{0x00000000d5651d28}: 'java.lang.Object java.lang.invoke.DirectMethodHandle$Holder.invokeSpecial(java.lang.Object, java.lang.Object, java.lang.Object, java.lang.Object, int, java.lang.Object, java.lang.Object)'> (0x00000000d5651d28) 
thrown [s\src\hotspot\share\interpreter\linkResolver.cpp, line 773]
Event: 1466.492 Thread 0x000002155a6564c0 Exception <a 'java/lang/NoSuchMethodError'{0x00000000d65fcb28}: 'java.lang.Object java.lang.invoke.DirectMethodHandle$Holder.invokeStatic(java.lang.Object, java.lang.Object, int, java.lang.Object, java.lang.Object)'> (0x00000000d65fcb28) 
thrown [s\src\hotspot\share\interpreter\linkResolver.cpp, line 773]
Event: 1466.757 Thread 0x00000215549b7b00 Exception <a 'java/lang/NoSuchMethodError'{0x00000000d69a2fa8}: 'java.lang.Object java.lang.invoke.DirectMethodHandle$Holder.invokeSpecial(java.lang.Object, java.lang.Object, int, long)'> (0x00000000d69a2fa8) 
thrown [s\src\hotspot\share\interpreter\linkResolver.cpp, line 773]
Event: 1467.569 Thread 0x000002155a655e30 Implicit null exception at 0x0000021507f82dc0 to 0x0000021507f83910
Event: 1467.622 Thread 0x000002155a655e30 Exception <a 'java/lang/NoSuchMethodError'{0x00000000d598dff0}: 'java.lang.Object java.lang.invoke.DirectMethodHandle$Holder.invokeStatic(java.lang.Object, int, java.lang.Object)'> (0x00000000d598dff0) 
thrown [s\src\hotspot\share\interpreter\linkResolver.cpp, line 773]
Event: 1468.206 Thread 0x000002155a655e30 Exception <a 'java/lang/NoSuchMethodError'{0x00000000d5ffdd80}: 'java.lang.Object java.lang.invoke.DirectMethodHandle$Holder.invokeStatic(java.lang.Object, java.lang.Object, int, int)'> (0x00000000d5ffdd80) 
thrown [s\src\hotspot\share\interpreter\linkResolver.cpp, line 773]
Event: 1468.207 Thread 0x000002155a655e30 Exception <a 'java/lang/NoSuchMethodError'{0x00000000d6002680}: 'java.lang.Object java.lang.invoke.DirectMethodHandle$Holder.invokeSpecial(java.lang.Object, java.lang.Object, java.lang.Object, int, int)'> (0x00000000d6002680) 
thrown [s\src\hotspot\share\interpreter\linkResolver.cpp, line 773]
Event: 1468.617 Thread 0x000002155a655e30 Implicit null exception at 0x0000021507eb1ac6 to 0x0000021507eb1b0f

ZGC Phase Switch (0 events):
No events

VM Operations (20 events):
Event: 1466.022 Executing safepoint VM operation: ParallelGCFailedAllocation (Allocation Failure)
Event: 1466.026 Executing safepoint VM operation: ParallelGCFailedAllocation (Allocation Failure) done
Event: 1466.392 Executing safepoint VM operation: ICBufferFull
Event: 1466.393 Executing safepoint VM operation: ICBufferFull done
Event: 1466.546 Executing non-safepoint VM operation: HandshakeAllThreads (Deoptimize)
Event: 1466.546 Executing non-safepoint VM operation: HandshakeAllThreads (Deoptimize) done
Event: 1467.399 Executing non-safepoint VM operation: HandshakeAllThreads (Deoptimize)
Event: 1467.399 Executing non-safepoint VM operation: HandshakeAllThreads (Deoptimize) done
Event: 1467.399 Executing safepoint VM operation: Cleanup
Event: 1467.399 Executing safepoint VM operation: Cleanup done
Event: 1467.424 Executing safepoint VM operation: ParallelGCFailedAllocation (Allocation Failure)
Event: 1467.428 Executing safepoint VM operation: ParallelGCFailedAllocation (Allocation Failure) done
Event: 1467.477 Executing non-safepoint VM operation: HandshakeAllThreads (Deoptimize)
Event: 1467.477 Executing non-safepoint VM operation: HandshakeAllThreads (Deoptimize) done
Event: 1467.982 Executing safepoint VM operation: ICBufferFull
Event: 1467.983 Executing safepoint VM operation: ICBufferFull done
Event: 1468.573 Executing safepoint VM operation: ICBufferFull
Event: 1468.573 Executing safepoint VM operation: ICBufferFull done
Event: 1468.606 Executing safepoint VM operation: ParallelGCFailedAllocation (Allocation Failure)
Event: 1468.610 Executing safepoint VM operation: ParallelGCFailedAllocation (Allocation Failure) done

Memory protections (0 events):
No events

Nmethod flushes (20 events):
Event: 1463.923 Thread 0x0000021577cf1990 flushing  nmethod 0x00000215004d3710
Event: 1463.923 Thread 0x0000021577cf1990 flushing  nmethod 0x00000215004d3a90
Event: 1463.923 Thread 0x0000021577cf1990 flushing  nmethod 0x00000215004d3e10
Event: 1463.923 Thread 0x0000021577cf1990 flushing  nmethod 0x00000215004d6710
Event: 1463.923 Thread 0x0000021577cf1990 flushing  nmethod 0x00000215004d7b10
Event: 1463.923 Thread 0x0000021577cf1990 flushing  nmethod 0x00000215004f0910
Event: 1463.923 Thread 0x0000021577cf1990 flushing  nmethod 0x0000021500500290
Event: 1463.923 Thread 0x0000021577cf1990 flushing  nmethod 0x0000021500503990
Event: 1463.923 Thread 0x0000021577cf1990 flushing  nmethod 0x0000021500504690
Event: 1463.923 Thread 0x0000021577cf1990 flushing  nmethod 0x000002150053b310
Event: 1463.923 Thread 0x0000021577cf1990 flushing  nmethod 0x000002150053bd90
Event: 1463.923 Thread 0x0000021577cf1990 flushing  nmethod 0x000002150053cb90
Event: 1463.923 Thread 0x0000021577cf1990 flushing  nmethod 0x000002150053de90
Event: 1463.923 Thread 0x0000021577cf1990 flushing  nmethod 0x0000021500546b90
Event: 1463.923 Thread 0x0000021577cf1990 flushing  nmethod 0x0000021500547090
Event: 1463.923 Thread 0x0000021577cf1990 flushing  nmethod 0x000002150054c790
Event: 1463.923 Thread 0x0000021577cf1990 flushing  nmethod 0x000002150054fd90
Event: 1463.923 Thread 0x0000021577cf1990 flushing  nmethod 0x0000021500550590
Event: 1463.923 Thread 0x0000021577cf1990 flushing  nmethod 0x0000021500551310
Event: 1463.923 Thread 0x0000021577cf1990 flushing  nmethod 0x0000021500553d10

Events (20 events):
Event: 1462.292 Thread 0x000002157eb0cd90 Thread added: 0x0000021554720570
Event: 1464.212 Thread 0x00000215549b7b00 Thread added: 0x000002155a658590
Event: 1464.390 Thread 0x0000021554720570 Thread exited: 0x0000021554720570
Event: 1464.391 Thread 0x00000215592e3e40 Thread exited: 0x00000215592e3e40
Event: 1464.391 Thread 0x0000021554958b10 Thread exited: 0x0000021554958b10
Event: 1464.391 Thread 0x0000021559ddee50 Thread exited: 0x0000021559ddee50
Event: 1464.646 Thread 0x000002157ee261b0 Thread exited: 0x000002157ee261b0
Event: 1465.058 Thread 0x0000021559375150 Thread added: 0x000002157ee261b0
Event: 1465.148 Thread 0x000002157eb0cd90 Thread added: 0x00000215592e3e10
Event: 1465.168 Thread 0x000002157eb0cd90 Thread added: 0x00000215590080a0
Event: 1465.783 Thread 0x00000215549b7b00 Thread added: 0x000002155a6564c0
Event: 1466.187 Thread 0x00000215590080a0 Thread exited: 0x00000215590080a0
Event: 1466.292 Thread 0x0000021559208600 Thread added: 0x000002155c54ec00
Event: 1466.755 Thread 0x000002155c54ec00 Thread exited: 0x000002155c54ec00
Event: 1466.755 Thread 0x00000215592e3e10 Thread exited: 0x00000215592e3e10
Event: 1466.755 Thread 0x000002157ee261b0 Thread exited: 0x000002157ee261b0
Event: 1467.436 Thread 0x0000021559208600 Thread added: 0x000002155c176180
Event: 1467.635 Thread 0x0000021554740dd0 Thread added: 0x000002155c174640
Event: 1468.682 Thread 0x0000021554740dd0 Thread added: 0x000002155c174d10
Event: 1468.710 Thread 0x0000021559375150 Thread added: 0x000002155c1753e0


Dynamic libraries:
0x00007ff657f00000 - 0x00007ff657f0e000 	c:\Users\MSI\.vscode\extensions\redhat.java-1.53.0-win32-x64\jre\21.0.10-win32-x86_64\bin\java.exe
0x00007ff9823e0000 - 0x00007ff982647000 	C:\WINDOWS\SYSTEM32\ntdll.dll
0x00007ff981520000 - 0x00007ff9815e9000 	C:\WINDOWS\System32\KERNEL32.DLL
0x00007ff97fce0000 - 0x00007ff9800d4000 	C:\WINDOWS\System32\KERNELBASE.dll
0x00007ff97f970000 - 0x00007ff97fabb000 	C:\WINDOWS\System32\ucrtbase.dll
0x00007ff8fd260000 - 0x00007ff8fd278000 	c:\Users\MSI\.vscode\extensions\redhat.java-1.53.0-win32-x64\jre\21.0.10-win32-x86_64\bin\jli.dll
0x00007ff980960000 - 0x00007ff980b25000 	C:\WINDOWS\System32\USER32.dll
0x00007ff97f810000 - 0x00007ff97f837000 	C:\WINDOWS\System32\win32u.dll
0x00007ff981be0000 - 0x00007ff981c0b000 	C:\WINDOWS\System32\GDI32.dll
0x00007ff8fb750000 - 0x00007ff8fb76e000 	c:\Users\MSI\.vscode\extensions\redhat.java-1.53.0-win32-x64\jre\21.0.10-win32-x86_64\bin\VCRUNTIME140.dll
0x00007ff9658c0000 - 0x00007ff965b53000 	C:\WINDOWS\WinSxS\amd64_microsoft.windows.common-controls_6595b64144ccf1df_6.0.26100.8115_none_3e075c82e3354f9c\COMCTL32.dll
0x00007ff97f840000 - 0x00007ff97f96b000 	C:\WINDOWS\System32\gdi32full.dll
0x00007ff97fb80000 - 0x00007ff97fc23000 	C:\WINDOWS\System32\msvcp_win.dll
0x00007ff981d70000 - 0x00007ff981e19000 	C:\WINDOWS\System32\msvcrt.dll
0x00007ff9820c0000 - 0x00007ff9820f2000 	C:\WINDOWS\System32\IMM32.DLL
0x00007ff9755a0000 - 0x00007ff9755ac000 	c:\Users\MSI\.vscode\extensions\redhat.java-1.53.0-win32-x64\jre\21.0.10-win32-x86_64\bin\vcruntime140_1.dll
0x00007ff8e6cb0000 - 0x00007ff8e6d3d000 	c:\Users\MSI\.vscode\extensions\redhat.java-1.53.0-win32-x64\jre\21.0.10-win32-x86_64\bin\msvcp140.dll
0x00007ff89fe60000 - 0x00007ff8a0c01000 	c:\Users\MSI\.vscode\extensions\redhat.java-1.53.0-win32-x64\jre\21.0.10-win32-x86_64\bin\server\jvm.dll
0x00007ff980810000 - 0x00007ff9808c6000 	C:\WINDOWS\System32\ADVAPI32.dll
0x00007ff981f10000 - 0x00007ff981fb7000 	C:\WINDOWS\System32\sechost.dll
0x00007ff980c30000 - 0x00007ff980d48000 	C:\WINDOWS\System32\RPCRT4.dll
0x00007ff9808d0000 - 0x00007ff980950000 	C:\WINDOWS\System32\WS2_32.dll
0x00007ff97e5a0000 - 0x00007ff97e5fe000 	C:\WINDOWS\SYSTEM32\POWRPROF.dll
0x00007ff96f760000 - 0x00007ff96f796000 	C:\WINDOWS\SYSTEM32\WINMM.dll
0x00007ff972e80000 - 0x00007ff972e8b000 	C:\WINDOWS\SYSTEM32\VERSION.dll
0x00007ff97e580000 - 0x00007ff97e594000 	C:\WINDOWS\SYSTEM32\UMPDC.dll
0x00007ff97da00000 - 0x00007ff97da1b000 	C:\WINDOWS\SYSTEM32\kernel.appcore.dll
0x00007ff954410000 - 0x00007ff95441a000 	c:\Users\MSI\.vscode\extensions\redhat.java-1.53.0-win32-x64\jre\21.0.10-win32-x86_64\bin\jimage.dll
0x00007ff97cbc0000 - 0x00007ff97ce02000 	C:\WINDOWS\SYSTEM32\DBGHELP.DLL
0x00007ff980280000 - 0x00007ff980602000 	C:\WINDOWS\System32\combase.dll
0x00007ff981c90000 - 0x00007ff981d68000 	C:\WINDOWS\System32\OLEAUT32.dll
0x00007ff963960000 - 0x00007ff96399b000 	C:\WINDOWS\SYSTEM32\dbgcore.DLL
0x00007ff97fc30000 - 0x00007ff97fcd5000 	C:\WINDOWS\System32\bcryptPrimitives.dll
0x00007ff94f040000 - 0x00007ff94f04f000 	c:\Users\MSI\.vscode\extensions\redhat.java-1.53.0-win32-x64\jre\21.0.10-win32-x86_64\bin\instrument.dll
0x00007ff8f9ce0000 - 0x00007ff8f9d00000 	c:\Users\MSI\.vscode\extensions\redhat.java-1.53.0-win32-x64\jre\21.0.10-win32-x86_64\bin\java.dll
0x00007ff980db0000 - 0x00007ff981517000 	C:\WINDOWS\System32\SHELL32.dll
0x00007ff97f6a0000 - 0x00007ff97f80a000 	C:\WINDOWS\System32\wintypes.dll
0x00007ff97ee30000 - 0x00007ff97f698000 	C:\WINDOWS\System32\windows.storage.dll
0x00007ff980180000 - 0x00007ff980278000 	C:\WINDOWS\System32\SHCORE.dll
0x00007ff982040000 - 0x00007ff9820a6000 	C:\WINDOWS\System32\shlwapi.dll
0x00007ff97ebd0000 - 0x00007ff97ebf9000 	C:\WINDOWS\SYSTEM32\profapi.dll
0x00007ff8f98d0000 - 0x00007ff8f98e8000 	c:\Users\MSI\.vscode\extensions\redhat.java-1.53.0-win32-x64\jre\21.0.10-win32-x86_64\bin\zip.dll
0x00007ff949610000 - 0x00007ff949620000 	C:\Users\MSI\.vscode\extensions\redhat.java-1.53.0-win32-x64\jre\21.0.10-win32-x86_64\bin\net.dll
0x00007ff975bb0000 - 0x00007ff975cdd000 	C:\WINDOWS\SYSTEM32\WINHTTP.dll
0x00007ff97df50000 - 0x00007ff97dfbc000 	C:\WINDOWS\system32\mswsock.dll
0x00007ff8f8b60000 - 0x00007ff8f8b76000 	C:\Users\MSI\.vscode\extensions\redhat.java-1.53.0-win32-x64\jre\21.0.10-win32-x86_64\bin\nio.dll
0x00007ff9495e0000 - 0x00007ff9495f0000 	c:\Users\MSI\.vscode\extensions\redhat.java-1.53.0-win32-x64\jre\21.0.10-win32-x86_64\bin\verify.dll
0x00007ff8faa10000 - 0x00007ff8faa55000 	C:\Users\MSI\AppData\Roaming\Code\User\globalStorage\redhat.java\1.53.0\config_ss_win\org.eclipse.equinox.launcher\org.eclipse.equinox.launcher.win32.win32.x86_64_1.3.0.v20260203-2149\eclipse_11919.dll
0x00007ff980670000 - 0x00007ff980807000 	C:\WINDOWS\System32\ole32.dll
0x00007ff97e350000 - 0x00007ff97e36b000 	C:\WINDOWS\SYSTEM32\CRYPTSP.dll
0x00007ff97d960000 - 0x00007ff97d999000 	C:\WINDOWS\system32\rsaenh.dll
0x00007ff97e000000 - 0x00007ff97e033000 	C:\WINDOWS\SYSTEM32\USERENV.dll
0x00007ff97eba0000 - 0x00007ff97ebca000 	C:\WINDOWS\SYSTEM32\bcrypt.dll
0x00007ff97e1b0000 - 0x00007ff97e1bc000 	C:\WINDOWS\SYSTEM32\CRYPTBASE.dll
0x00007ff97d3e0000 - 0x00007ff97d412000 	C:\WINDOWS\SYSTEM32\IPHLPAPI.DLL
0x00007ff980da0000 - 0x00007ff980daa000 	C:\WINDOWS\System32\NSI.dll
0x00007ff8fa9c0000 - 0x00007ff8faa09000 	C:\Users\MSI\AppData\Local\Temp\jna-76643\jna13356516176386017573.dll
0x00007ff981e50000 - 0x00007ff981e58000 	C:\WINDOWS\System32\PSAPI.DLL
0x00007ff975e30000 - 0x00007ff975e4d000 	C:\WINDOWS\SYSTEM32\dhcpcsvc6.DLL
0x00007ff975db0000 - 0x00007ff975dd5000 	C:\WINDOWS\SYSTEM32\dhcpcsvc.DLL

JVMTI agents:
c:\Users\MSI\.vscode\extensions\redhat.java-1.53.0-win32-x64\lombok\lombok-1.18.39-4050.jar path:c:\Users\MSI\.vscode\extensions\redhat.java-1.53.0-win32-x64\jre\21.0.10-win32-x86_64\bin\instrument.dll, loaded, initialized, instrumentlib options:none

dbghelp: loaded successfully - version: 4.0.5 - missing functions: none
symbol engine: initialized successfully - sym options: 0x614 - pdb path: .;c:\Users\MSI\.vscode\extensions\redhat.java-1.53.0-win32-x64\jre\21.0.10-win32-x86_64\bin;C:\WINDOWS\SYSTEM32;C:\WINDOWS\WinSxS\amd64_microsoft.windows.common-controls_6595b64144ccf1df_6.0.26100.8115_none_3e075c82e3354f9c;c:\Users\MSI\.vscode\extensions\redhat.java-1.53.0-win32-x64\jre\21.0.10-win32-x86_64\bin\server;C:\Users\MSI\AppData\Roaming\Code\User\globalStorage\redhat.java\1.53.0\config_ss_win\org.eclipse.equinox.launcher\org.eclipse.equinox.launcher.win32.win32.x86_64_1.3.0.v20260203-2149;C:\Users\MSI\AppData\Local\Temp\jna-76643

VM Arguments:
jvm_args: --add-modules=ALL-SYSTEM --add-opens=java.base/java.util=ALL-UNNAMED --add-opens=java.base/java.lang=ALL-UNNAMED --add-opens=java.base/sun.nio.fs=ALL-UNNAMED -Declipse.application=org.eclipse.jdt.ls.core.id1 -Dosgi.bundles.defaultStartLevel=4 -Declipse.product=org.eclipse.jdt.ls.core.product -Djava.import.generatesMetadataFilesAtProjectRoot=false -DDetectVMInstallationsJob.disabled=true -Dfile.encoding=utf8 -XX:+UseParallelGC -XX:GCTimeRatio=4 -XX:AdaptiveSizePolicyWeight=90 -Dsun.zip.disableMemoryMapping=true -Xmx2G -Xms100m -Xlog:disable -javaagent:c:\Users\MSI\.vscode\extensions\redhat.java-1.53.0-win32-x64\lombok\lombok-1.18.39-4050.jar 
java_command: c:\Users\MSI\.vscode\extensions\redhat.java-1.53.0-win32-x64\server\plugins\org.eclipse.equinox.launcher_1.7.100.v20251111-0406.jar -configuration c:\Users\MSI\AppData\Roaming\Code\User\globalStorage\redhat.java\1.53.0\config_ss_win -data c:\Users\MSI\AppData\Roaming\Code\User\workspaceStorage\6b58b34061581465439e249ad5f6f8d4\redhat.java\ss_ws --pipe=\\.\pipe\lsp-ed509eea14126e7b65d022c436d97fd3-sock
java_class_path (initial): c:\Users\MSI\.vscode\extensions\redhat.java-1.53.0-win32-x64\server\plugins\org.eclipse.equinox.launcher_1.7.100.v20251111-0406.jar
Launcher Type: SUN_STANDARD

[Global flags]
    uintx AdaptiveSizePolicyWeight                 = 90                                        {product} {command line}
     intx CICompilerCount                          = 12                                        {product} {ergonomic}
    uintx GCTimeRatio                              = 4                                         {product} {command line}
   size_t InitialHeapSize                          = 104857600                                 {product} {command line}
   size_t MaxHeapSize                              = 2147483648                                {product} {command line}
   size_t MaxNewSize                               = 715653120                                 {product} {ergonomic}
   size_t MinHeapDeltaBytes                        = 524288                                    {product} {ergonomic}
   size_t MinHeapSize                              = 104857600                                 {product} {command line}
   size_t NewSize                                  = 34603008                                  {product} {ergonomic}
    uintx NonNMethodCodeHeapSize                   = 7602480                                {pd product} {ergonomic}
    uintx NonProfiledCodeHeapSize                  = 122027880                              {pd product} {ergonomic}
   size_t OldSize                                  = 70254592                                  {product} {ergonomic}
    uintx ProfiledCodeHeapSize                     = 122027880                              {pd product} {ergonomic}
    uintx ReservedCodeCacheSize                    = 251658240                              {pd product} {ergonomic}
     bool SegmentedCodeCache                       = true                                      {product} {ergonomic}
   size_t SoftMaxHeapSize                          = 2147483648                             {manageable} {ergonomic}
     bool UseCompressedOops                        = true                           {product lp64_product} {ergonomic}
     bool UseLargePagesIndividualAllocation        = false                                  {pd product} {ergonomic}
     bool UseParallelGC                            = true                                      {product} {command line}

Logging:
Log output configuration:
 #0: stdout all=off uptime,level,tags foldmultilines=false
 #1: stderr all=off uptime,level,tags foldmultilines=false

Release file:
JAVA_VERSION="21.0.10" 
MODULES="java.base java.compiler java.datatransfer java.xml java.prefs java.desktop java.instrument java.logging java.management java.security.sasl java.naming java.rmi java.management.rmi java.net.http java.scripting java.security.jgss java.transaction.xa java.sql java.sql.rowset java.xml.crypto java.se java.smartcardio jdk.accessibility jdk.internal.jvmstat jdk.attach jdk.charsets jdk.internal.opt jdk.zipfs jdk.compiler jdk.crypto.ec jdk.crypto.cryptoki jdk.crypto.mscapi jdk.dynalink jdk.internal.ed jdk.editpad jdk.hotspot.agent jdk.httpserver jdk.internal.le jdk.internal.vm.ci jdk.internal.vm.compiler jdk.internal.vm.compiler.management jdk.jartool jdk.javadoc jdk.jcmd jdk.management jdk.management.agent jdk.jconsole jdk.jdeps jdk.jdwp.agent jdk.jdi jdk.jfr jdk.jshell jdk.jsobject jdk.jstatd jdk.localedata jdk.management.jfr jdk.naming.dns jdk.naming.rmi jdk.net jdk.nio.mapmode jdk.random jdk.sctp jdk.security.auth jdk.security.jgss jdk.unsupported jdk.unsupported.desktop jdk.xml.dom" 

Environment Variables:
JAVA_HOME=C:\Program Files\Java\jdk-24
PATH=C:\Users\MSI\AppData\Local\Programs\Microsoft VS Code;C:\Users\MSI\Downloads\apache-maven-3.9.14-bin\apache-maven-3.9.14\bin;C:\Program Files\Common Files\Oracle\Java\javapath;C:\Program Files (x86)\Common Files\Oracle\Java\java8path;C:\Program Files (x86)\Common Files\Oracle\Java\javapath;C:\Python312\Scripts\;C:\Python312\;C:\Windows\system32;C:\Windows;C:\Windows\System32\Wbem;C:\Windows\System32\WindowsPowerShell\v1.0\;C:\Windows\System32\OpenSSH\;C:\Program Files (x86)\NVIDIA Corporation\PhysX\Common;C:\Program Files\Git\cmd;C:\ProgramData\chocolatey\bin;C:\Program Files\Docker\Docker\resources\bin;C:\Program Files\PuTTY\;C:\WINDOWS\system32;C:\WINDOWS;C:\WINDOWS\System32\Wbem;C:\WINDOWS\System32\WindowsPowerShell\v1.0\;C:\WINDOWS\System32\OpenSSH\;C:\Program Files\MySQL\MySQL Server 8.0\bin;C:\Program Files\Kubernetes\Minikube;C:\Program Files\nodejs\;C:\Program Files\dotnet\;C:\Program Files\Microsoft SQL Server\170\Tools\Binn\;C:\Program Files\Microsoft SQL Server\Client SDK\ODBC\170\Tools\Binn\;C:\Program Files (x86)\Windows Kits\10\Windows Performance Toolkit\;C:\Program Files\Ballerina\\bin;C:\Program Files\win_flex_bison-latest;C:\Program Files\Go\bin;C:\Program Files\k6\;C:\Program Files\MySQL\MySQL Shell 8.0\bin\;C:\Users\MSI\AppData\Local\pnpm;C:\Users\MSI\anaconda3;C:\Users\MSI\anaconda3\Library\mingw-w64\bin;C:\Users\MSI\anaconda3\Library\usr\bin;C:\Users\MSI\anaconda3\Library\bin;C:\Users\MSI\anaconda3\Scripts;C:\Users\MSI\AppData\Local\Microsoft\WindowsApps;C:\Program Files\Java\jdk-24\bin;C:\Users\MSI\AppData\Local\Programs\Microsoft VS Code\bin;C:\MinGW\bin;C:\Users\MSI\AppData\Local\Microsoft\WinGet\Packages\Schniz.fnm_Microsoft.Winget.Source_8wekyb3d8bbwe;C:\Users\MSI\AppData\Local\GitHubDesktop\bin;C:\Program Files\Java\jdk-23\bin;C:\Program Files\JetBrains\IntelliJ IDEA 2024.3.5\bin;C:\Program Files\JetBrains\IntelliJ IDEA Community Edition 2024.3.5\bin;C:\altera\13.1\modelsim_ase\win32aloem;C:\altera\13.1\modelsim_ae\win32aloem;C:\Program Files\apache-maven-3.9.11-bin\apache-maven-3.9.11\bin;C:\Users\MSI\AppData\Roaming\npm;C:\Users\MSI\.dotnet\tools;C:\Users\MSI\AppData\Roaming\Python\Python312\Scripts;C:\Users\MSI\AppData\Local\Programs\cursor\resources\app\bin;C:\Users\MSI\AppData\Local\Programs\Warp\bin;C:\Users\MSI\go\bin;C:\Users\MSI\AppData\Local\Programs\Antigravity\bin
USERNAME=MSI
OS=Windows_NT
PROCESSOR_IDENTIFIER=Intel64 Family 6 Model 186 Stepping 2, GenuineIntel
TMP=C:\Users\MSI\AppData\Local\Temp
TEMP=C:\Users\MSI\AppData\Local\Temp




Periodic native trim disabled

---------------  S Y S T E M  ---------------

OS:
 Windows 11 , 64 bit Build 26100 (10.0.26100.8246)
OS uptime: 0 days 5:48 hours
Hyper-V role detected

CPU: total 16 (initial active 16) (8 cores per cpu, 2 threads per core) family 6 model 186 stepping 2 microcode 0x410e, cx8, cmov, fxsr, ht, mmx, 3dnowpref, sse, sse2, sse3, ssse3, sse4.1, sse4.2, popcnt, lzcnt, tsc, tscinvbit, avx, avx2, aes, erms, clmul, bmi1, bmi2, adx, sha, fma, vzeroupper, clflush, clflushopt, clwb, hv, serialize, rdtscp, rdpid, fsrm, f16c, cet_ibt, cet_ss
Processor Information for processor 0
  Max Mhz: 2400, Current Mhz: 1520, Mhz Limit: 2400
Processor Information for processor 1
  Max Mhz: 2400, Current Mhz: 2400, Mhz Limit: 2400
Processor Information for processor 2
  Max Mhz: 2400, Current Mhz: 2400, Mhz Limit: 2400
Processor Information for processor 3
  Max Mhz: 2400, Current Mhz: 2400, Mhz Limit: 2400
Processor Information for processor 4
  Max Mhz: 2400, Current Mhz: 2400, Mhz Limit: 2400
Processor Information for processor 5
  Max Mhz: 2400, Current Mhz: 2400, Mhz Limit: 2400
Processor Information for processor 6
  Max Mhz: 2400, Current Mhz: 2400, Mhz Limit: 2400
Processor Information for processor 7
  Max Mhz: 2400, Current Mhz: 2400, Mhz Limit: 2400
Processor Information for processor 8
  Max Mhz: 2400, Current Mhz: 2400, Mhz Limit: 2400
Processor Information for processor 9
  Max Mhz: 2400, Current Mhz: 2400, Mhz Limit: 2400
Processor Information for processor 10
  Max Mhz: 2400, Current Mhz: 2400, Mhz Limit: 2400
Processor Information for processor 11
  Max Mhz: 2400, Current Mhz: 2400, Mhz Limit: 2400
Processor Information for processor 12
  Max Mhz: 2400, Current Mhz: 2400, Mhz Limit: 2400
Processor Information for processor 13
  Max Mhz: 2400, Current Mhz: 2400, Mhz Limit: 2400
Processor Information for processor 14
  Max Mhz: 2400, Current Mhz: 2400, Mhz Limit: 2400
Processor Information for processor 15
  Max Mhz: 2400, Current Mhz: 2400, Mhz Limit: 2400

Memory: 4k page, system-wide physical 16087M (1198M free)
TotalPageFile size 24472M (AvailPageFile size 105M)
current process WorkingSet (physical memory assigned to process): 236M, peak: 236M
current process commit charge ("private bytes"): 359M, peak: 359M

vm_info: OpenJDK 64-Bit Server VM (21.0.10+7-LTS) for windows-amd64 JRE (21.0.10+7-LTS), built on 2026-01-20T00:00:00Z by "admin" with MS VC++ 17.12 (VS2022)

END.
